14:18:28 **** Auto Build of configuration Debug for project ECE530FinalProject ****
make pre-build main-build 
a9-linaro-pre-build-step
' '
'Building file: ../src/demo.c'
'Invoking: ARM v7 gcc compiler'
arm-none-eabi-gcc -Wall -O0 -g3 -c -fmessage-length=0 -MT"src/demo.o" -mcpu=cortex-a9 -mfpu=vfpv3 -mfloat-abi=hard -I../../ECE530FinalProject_bsp/ps7_cortexa9_0/include -MMD -MP -MF"src/demo.d" -MT"src/demo.o" -o "src/demo.o" "../src/demo.c"
In file included from ../src/demo.c:47:0:
../../ECE530FinalProject_bsp/ps7_cortexa9_0/include/xtime_l.h:87:9: note: #pragma message: For the sleep routines, Global timer is being used
 #pragma message ("For the sleep routines, Global timer is being used")
         ^~~~~~~
'Finished building: ../src/demo.c'
' '
'Building target: ECE530FinalProject.elf'
'Invoking: ARM v7 gcc linker'
arm-none-eabi-gcc -mcpu=cortex-a9 -mfpu=vfpv3 -mfloat-abi=hard -Wl,-build-id=none -specs=Xilinx.spec -Wl,-T -Wl,../src/lscript.ld -L../../ECE530FinalProject_bsp/ps7_cortexa9_0/lib -o "ECE530FinalProject.elf"  ./src/userio/userio.o  ./src/intc/intc.o  ./src/iic/iic.o  ./src/dma/dma.o  ./src/custom/custom.o  ./src/audio/audio.o  ./src/demo.o   -Wl,--start-group,-lxil,-lgcc,-lc,--end-group -Wl,--start-group,-lxilffs,-lxil,-lgcc,-lc,--end-group
'Finished building target: ECE530FinalProject.elf'
' '
'Invoking: ARM v7 Print Size'
arm-none-eabi-size ECE530FinalProject.elf  |tee "ECE530FinalProject.elf.size"
   text	   data	    bss	    dec	    hex	filename
 121348	   3544	43002944	43127836	292141c	ECE530FinalProject.elf
'Finished building: ECE530FinalProject.elf.size'
' '

14:18:30 Build Finished (took 2s.443ms)

